// Vitest Snapshot v1, https://vitest.dev/guide/snapshot.html

exports[`scoreOpportunity > constants snapshot is stable 1`] = `
{
  "alphas": {
    "counterparty": 0.5,
    "depeg": 0.2,
    "exploit": 0.85,
    "illiquid": 0.05,
    "oracle": 0.4,
  },
  "apyDriftPenalty": 0.7,
  "apyDriftSpikeThreshold": 1.5,
  "apyVolHighThreshold": 0.03,
  "apyVolPenalty": 0.7,
  "baseExploit": 0.3,
  "confFreshWalletPenalty": 0.7,
  "confSmartMoneyAbsentPenalty": 0.7,
  "confSmartMoneyBoost": 1.2,
  "confWashTradePenalty": 0.5,
  "counterpartyP": {
    "attested_centralized": 0.03,
    "custodial": 0.08,
    "permissionless": 0.005,
  },
  "enrichmentFields": 10,
  "exploitHalfLifeDays": 180,
  "exploitSmartMoneyDiscount": 0.5,
  "exploitSybilBump": 0.05,
  "exploitWashTradeBump": 0.1,
  "freshWalletConcerning": 0.3,
  "freshWalletSybil": 0.5,
  "freshnessHalfLifeMs": 300000,
  "illiquid": {
    "base": 0.1,
    "max": 0.2,
    "min": 0.001,
    "slope": 0.01,
  },
  "oracleP": {
    "chainlink_dec": 0.002,
    "custom_multi": 0.02,
    "pyth": 0.005,
    "redstone": 0.007,
    "single": 0.1,
  },
  "smartMoneyAbsentPct": 0.05,
  "smartMoneyEndorsementPct": 0.2,
}
`;
